[2026-04-29 07:22:59][INFO] Starting webserver ...
[2026-04-29 07:22:59][INFO] Initializing Storage: 'file' (Type: 'bluemap:file')
[2026-04-29 07:22:59][INFO] WebServer bound to all network interfaces on port 8100
[2026-04-29 07:22:59][INFO] WebServer started.
[2026-04-29 07:23:10][INFO] Downloading 'https://piston-data.mojang.com/v1/objects/4e618f09a0c649dde3fdf829df443ce0b8831e65/client.jar' to 'data/minecraft-client-26.1.2.jar'...
[2026-04-29 07:23:19][INFO] Loading resources...
[2026-04-29 07:23:19][FINE] Loading resources from: data/resourceExtensions.zip ...
[2026-04-29 07:23:19][FINE] Loading resources from: data/minecraft-client-26.1.2.jar ...
[2026-04-29 07:23:20][FINE] Collecting texture-keys...
[2026-04-29 07:23:20][FINE] Found 2039 texture-keys.
[2026-04-29 07:23:20][FINE] Loading textures from: data/resourceExtensions.zip ...
[2026-04-29 07:23:20][FINE] Loading textures from: data/minecraft-client-26.1.2.jar ...
[2026-04-29 07:23:20][FINE] Baking resources...
[2026-04-29 07:23:20][INFO] Resources loaded.
[2026-04-29 07:23:20][FINE] Loading world world#minecraft:the_nether ...
[2026-04-29 07:23:20][FINE] Loading datapack...
[2026-04-29 07:23:20][FINE] Loading datapack from: data/resourceExtensions.zip ...
[2026-04-29 07:23:20][FINE] Loading datapack from: data/minecraft-client-26.1.2.jar ...
[2026-04-29 07:23:20][FINE] Baking datapack...
[2026-04-29 07:23:20][FINE] Datapack loaded.
[2026-04-29 07:23:20][INFO] Loading map 'nether'...
[2026-04-29 07:23:20][FINE] Loading render-state for map 'nether'
[2026-04-29 07:23:20][FINE] Loading textures for map 'nether'
[2026-04-29 07:23:20][FINE] Loading world world#minecraft:the_end ...
[2026-04-29 07:23:20][FINE] Loading datapack...
[2026-04-29 07:23:20][FINE] Loading datapack from: data/resourceExtensions.zip ...
[2026-04-29 07:23:20][FINE] Loading datapack from: data/minecraft-client-26.1.2.jar ...
[2026-04-29 07:23:20][FINE] Baking datapack...
[2026-04-29 07:23:20][FINE] Datapack loaded.
[2026-04-29 07:23:20][INFO] Loading map 'end'...
[2026-04-29 07:23:20][FINE] Loading render-state for map 'end'
[2026-04-29 07:23:20][FINE] Loading textures for map 'end'
[2026-04-29 07:23:20][FINE] Loading world world#minecraft:overworld ...
[2026-04-29 07:23:20][FINE] Loading datapack...
[2026-04-29 07:23:20][FINE] Loading datapack from: data/resourceExtensions.zip ...
[2026-04-29 07:23:20][FINE] Loading datapack from: data/minecraft-client-26.1.2.jar ...
[2026-04-29 07:23:20][FINE] Baking datapack...
[2026-04-29 07:23:20][FINE] Datapack loaded.
[2026-04-29 07:23:20][INFO] Loading map 'overworld'...
[2026-04-29 07:23:20][FINE] Loading render-state for map 'overworld'
[2026-04-29 07:23:20][FINE] Loading textures for map 'overworld'
[2026-04-29 07:23:20][INFO] Started watching map 'nether' for updates...
[2026-04-29 07:23:20][INFO] Started watching map 'end' for updates...
[2026-04-29 07:23:20][INFO] Started watching map 'overworld' for updates...
[2026-04-29 07:23:20][INFO] Start updating 3 maps ...
[2026-04-29 07:23:25][FINE] Failed to send Metrics-Report: javax.net.ssl.SSLHandshakeException: Remote host terminated the handshake
[2026-04-29 07:23:30][INFO] updating map 'overworld': 17.777% (ETA: 1.4 minutes)
[2026-04-29 07:23:40][INFO] updating map 'overworld': 36.808% (ETA: 1.1 minutes)
[2026-04-29 07:23:50][INFO] Your maps are now all up-to-date!
[2026-04-29 07:23:50][INFO] Waiting for changes on the world-files...
