[github.com/flipped-aurora/gin-vue-admin/server]2026-04-28 09:20:22.126	[31merror[0m	/Users/charles/Documents/notepad/gin-vue-admin/server/api/v1/system/sys_menu.go:145	添加失败!	{"error": "存在重复name，请修改name"}
github.com/flipped-aurora/gin-vue-admin/server/api/v1/system.(*AuthorityMenuApi).AddBaseMenu
	/Users/charles/Documents/notepad/gin-vue-admin/server/api/v1/system/sys_menu.go:145
github.com/gin-gonic/gin.(*Context).Next
	/Users/charles/go/pkg/mod/github.com/gin-gonic/gin@v1.10.0/context.go:185
github.com/flipped-aurora/gin-vue-admin/server/router/system.(*MenuRouter).InitMenuRouter.OperationRecord.func1
	/Users/charles/Documents/notepad/gin-vue-admin/server/middleware/operation.go:93
github.com/gin-gonic/gin.(*Context).Next
	/Users/charles/go/pkg/mod/github.com/gin-gonic/gin@v1.10.0/context.go:185
github.com/flipped-aurora/gin-vue-admin/server/initialize.Routers.CasbinHandler.func9
	/Users/charles/Documents/notepad/gin-vue-admin/server/middleware/casbin_rbac.go:26
github.com/gin-gonic/gin.(*Context).Next
	/Users/charles/go/pkg/mod/github.com/gin-gonic/gin@v1.10.0/context.go:185
github.com/flipped-aurora/gin-vue-admin/server/initialize.Routers.JWTAuth.func8
	/Users/charles/Documents/notepad/gin-vue-admin/server/middleware/jwt.go:70
github.com/gin-gonic/gin.(*Context).Next
	/Users/charles/go/pkg/mod/github.com/gin-gonic/gin@v1.10.0/context.go:185
github.com/gin-gonic/gin.LoggerWithConfig.func1
	/Users/charles/go/pkg/mod/github.com/gin-gonic/gin@v1.10.0/logger.go:249
github.com/gin-gonic/gin.(*Context).Next
	/Users/charles/go/pkg/mod/github.com/gin-gonic/gin@v1.10.0/context.go:185
github.com/flipped-aurora/gin-vue-admin/server/initialize.Routers.GinRecovery.func7
	/Users/charles/Documents/notepad/gin-vue-admin/server/middleware/error.go:78
github.com/gin-gonic/gin.(*Context).Next
	/Users/charles/go/pkg/mod/github.com/gin-gonic/gin@v1.10.0/context.go:185
github.com/gin-gonic/gin.(*Engine).handleHTTPRequest
	/Users/charles/go/pkg/mod/github.com/gin-gonic/gin@v1.10.0/gin.go:633
github.com/gin-gonic/gin.(*Engine).ServeHTTP
	/Users/charles/go/pkg/mod/github.com/gin-gonic/gin@v1.10.0/gin.go:589
net/http.serverHandler.ServeHTTP
	/Applications/ServBay/package/go/1.24/1.24.3/src/net/http/server.go:3301
net/http.(*conn).serve
	/Applications/ServBay/package/go/1.24/1.24.3/src/net/http/server.go:2102
[github.com/flipped-aurora/gin-vue-admin/server]2026-04-28 14:48:26.237	[31merror[0m	/Users/charles/Documents/notepad/gin-vue-admin/server/utils/claims.go:62	从Gin的Context中获取从jwt解析信息失败, 请检查请求头是否存在x-token且claims是否为规定结构
github.com/flipped-aurora/gin-vue-admin/server/utils.GetClaims
	/Users/charles/Documents/notepad/gin-vue-admin/server/utils/claims.go:62
github.com/flipped-aurora/gin-vue-admin/server/utils.GetUserID
	/Users/charles/Documents/notepad/gin-vue-admin/server/utils/claims.go:70
github.com/flipped-aurora/gin-vue-admin/server/api/v1/starNote.(*HistoryDayApi).GetHistoryDayToday
	/Users/charles/Documents/notepad/gin-vue-admin/server/api/v1/starNote/history_day.go:184
github.com/gin-gonic/gin.(*Context).Next
	/Users/charles/go/pkg/mod/github.com/gin-gonic/gin@v1.10.0/context.go:185
github.com/gin-gonic/gin.LoggerWithConfig.func1
	/Users/charles/go/pkg/mod/github.com/gin-gonic/gin@v1.10.0/logger.go:249
github.com/gin-gonic/gin.(*Context).Next
	/Users/charles/go/pkg/mod/github.com/gin-gonic/gin@v1.10.0/context.go:185
github.com/flipped-aurora/gin-vue-admin/server/initialize.Routers.GinRecovery.func7
	/Users/charles/Documents/notepad/gin-vue-admin/server/middleware/error.go:78
github.com/gin-gonic/gin.(*Context).Next
	/Users/charles/go/pkg/mod/github.com/gin-gonic/gin@v1.10.0/context.go:185
github.com/gin-gonic/gin.(*Engine).handleHTTPRequest
	/Users/charles/go/pkg/mod/github.com/gin-gonic/gin@v1.10.0/gin.go:633
github.com/gin-gonic/gin.(*Engine).ServeHTTP
	/Users/charles/go/pkg/mod/github.com/gin-gonic/gin@v1.10.0/gin.go:589
net/http.serverHandler.ServeHTTP
	/Applications/ServBay/package/go/1.24/1.24.3/src/net/http/server.go:3301
net/http.(*conn).serve
	/Applications/ServBay/package/go/1.24/1.24.3/src/net/http/server.go:2102
